
> theme-vdoing-blog@1.0.0 dev
> vuepress dev docs

wait Extracting site metadata...
warning: 该文件 "/app/kongqing/docs/02.后端/img" 序号出错，请填写正确的序号
warning: 该文件 "/app/kongqing/docs/《Java学习》笔记/01.Javaweb/01.Maven/assets" 序号出错，请填写正确的序号
warning: 该文件 "/app/kongqing/docs/《Java学习》笔记/01.Javaweb/02.JDBC/assets" 序号出错，请填写正确的序号
warning: 该文件 "/app/kongqing/docs/《Java学习》笔记/01.Javaweb/03.MyBatis/assets" 序号出错，请填写正确的序号
warning: 该文件 "/app/kongqing/docs/《Java学习》笔记/01.Javaweb/03.MyBatis/assets2" 序号出错，请填写正确的序号
warning: 该文件 "/app/kongqing/docs/《Java学习》笔记/01.Javaweb/04.web核心/assets" 序号出错，请填写正确的序号
warning: 该文件 "/app/kongqing/docs/《Java学习》笔记/01.Javaweb/05.Request&Response/assets" 序号出错，请填写正确的序号
warning: 该文件 "/app/kongqing/docs/《Java学习》笔记/01.Javaweb/06.JSP/assets" 序号出错，请填写正确的序号
warning: 该文件 "/app/kongqing/docs/《Java学习》笔记/01.Javaweb/07.会话技术/assets" 序号出错，请填写正确的序号
warning: 该文件 "/app/kongqing/docs/《Java学习》笔记/01.Javaweb/08.Filter&Listener&Ajax/assets" 序号出错，请填写正确的序号
warning: 该文件 "/app/kongqing/docs/《Java学习》笔记/01.Javaweb/09.VUE&Element/assets" 序号出错，请填写正确的序号
warning: 该文件 "/app/kongqing/docs/《Java学习》笔记/01.Javaweb/10.综合案例/assets" 序号出错，请填写正确的序号
warning: 该文件 "/app/kongqing/docs/《Java学习》笔记/02.Spring/01.SpringMVC/assets" 序号出错，请填写正确的序号
warning: 该文件 "/app/kongqing/docs/《Java学习》笔记/02.Spring/02.Springboot/assets" 序号出错，请填写正确的序号
warning: 该文件 "/app/kongqing/docs/《Java学习》笔记/02.Spring/03.Spring Framework/assets" 序号出错，请填写正确的序号
warning: 该文件 "/app/kongqing/docs/《分享》/img" 序号出错，请填写正确的序号
warning: 该文件 "/app/kongqing/docs/《前端基础学习》笔记/01.HTML/assets" 序号出错，请填写正确的序号
warning: 该文件 "/app/kongqing/docs/《前端基础学习》笔记/01.HTML/media" 序号出错，请填写正确的序号
warning: 该文件 "/app/kongqing/docs/《前端基础学习》笔记/02.CSS样式学习/media" 序号出错，请填写正确的序号
warning: 该文件 "/app/kongqing/docs/《前端基础学习》笔记/03.JavaScript学习/assets" 序号出错，请填写正确的序号
warning: 该文件 "/app/kongqing/docs/《测试基础知识学习》笔记/images" 序号出错，请填写正确的序号
warning: 该文件 "/app/kongqing/docs/《豸印测试》笔记/assets" 序号出错，请填写正确的序号
tip add sidebar data. 成功生成侧边栏数据。
tip Apply theme vuepress-theme-vdoing ...
tip Apply plugin container (i.e. "vuepress-plugin-container") ...
tip Apply plugin @vuepress/register-components (i.e. "@vuepress/plugin-register-components") ...
tip Apply plugin @vuepress/active-header-links (i.e. "@vuepress/plugin-active-header-links") ...
tip Apply plugin @vuepress/search (i.e. "@vuepress/plugin-search") ...
tip Apply plugin @vuepress/nprogress (i.e. "@vuepress/plugin-nprogress") ...
tip Apply plugin baidu-autopush (i.e. "vuepress-plugin-baidu-autopush") ...
tip Apply plugin thirdparty-search (i.e. "vuepress-plugin-thirdparty-search") ...
tip Apply plugin one-click-copy (i.e. "vuepress-plugin-one-click-copy") ...
tip Apply plugin demo-block (i.e. "vuepress-plugin-demo-block") ...
tip Apply plugin zooming (i.e. "vuepress-plugin-zooming") ...
tip Apply plugin baidu-tongji (i.e. "vuepress-plugin-baidu-tongji") ...
tip Apply plugin @vuepress/last-updated (i.e. "@vuepress/plugin-last-updated") ...
ℹ Compiling Client

> theme-vdoing-blog@1.0.0 dev
> vuepress dev docs

wait Extracting site metadata...
warning: 该文件 "/app/kongqing/docs/02.后端/img" 序号出错，请填写正确的序号
warning: 该文件 "/app/kongqing/docs/《Java学习》笔记/01.Javaweb/01.Maven/assets" 序号出错，请填写正确的序号
warning: 该文件 "/app/kongqing/docs/《Java学习》笔记/01.Javaweb/02.JDBC/assets" 序号出错，请填写正确的序号
warning: 该文件 "/app/kongqing/docs/《Java学习》笔记/01.Javaweb/03.MyBatis/assets" 序号出错，请填写正确的序号
warning: 该文件 "/app/kongqing/docs/《Java学习》笔记/01.Javaweb/03.MyBatis/assets2" 序号出错，请填写正确的序号
warning: 该文件 "/app/kongqing/docs/《Java学习》笔记/01.Javaweb/04.web核心/assets" 序号出错，请填写正确的序号
warning: 该文件 "/app/kongqing/docs/《Java学习》笔记/01.Javaweb/05.Request&Response/assets" 序号出错，请填写正确的序号
warning: 该文件 "/app/kongqing/docs/《Java学习》笔记/01.Javaweb/06.JSP/assets" 序号出错，请填写正确的序号
warning: 该文件 "/app/kongqing/docs/《Java学习》笔记/01.Javaweb/07.会话技术/assets" 序号出错，请填写正确的序号
warning: 该文件 "/app/kongqing/docs/《Java学习》笔记/01.Javaweb/08.Filter&Listener&Ajax/assets" 序号出错，请填写正确的序号
warning: 该文件 "/app/kongqing/docs/《Java学习》笔记/01.Javaweb/09.VUE&Element/assets" 序号出错，请填写正确的序号
warning: 该文件 "/app/kongqing/docs/《Java学习》笔记/01.Javaweb/10.综合案例/assets" 序号出错，请填写正确的序号
warning: 该文件 "/app/kongqing/docs/《Java学习》笔记/02.Spring/01.SpringMVC/assets" 序号出错，请填写正确的序号
warning: 该文件 "/app/kongqing/docs/《Java学习》笔记/02.Spring/02.Springboot/assets" 序号出错，请填写正确的序号
warning: 该文件 "/app/kongqing/docs/《Java学习》笔记/02.Spring/03.Spring Framework/assets" 序号出错，请填写正确的序号
warning: 该文件 "/app/kongqing/docs/《分享》/img" 序号出错，请填写正确的序号
warning: 该文件 "/app/kongqing/docs/《前端基础学习》笔记/01.HTML/assets" 序号出错，请填写正确的序号
warning: 该文件 "/app/kongqing/docs/《前端基础学习》笔记/01.HTML/media" 序号出错，请填写正确的序号
warning: 该文件 "/app/kongqing/docs/《前端基础学习》笔记/02.CSS样式学习/media" 序号出错，请填写正确的序号
warning: 该文件 "/app/kongqing/docs/《前端基础学习》笔记/03.JavaScript学习/assets" 序号出错，请填写正确的序号
warning: 该文件 "/app/kongqing/docs/《测试基础知识学习》笔记/images" 序号出错，请填写正确的序号
warning: 该文件 "/app/kongqing/docs/《豸印测试》笔记/assets" 序号出错，请填写正确的序号
tip add sidebar data. 成功生成侧边栏数据。
tip Apply theme vuepress-theme-vdoing ...
tip Apply plugin container (i.e. "vuepress-plugin-container") ...
tip Apply plugin @vuepress/register-components (i.e. "@vuepress/plugin-register-components") ...
tip Apply plugin @vuepress/active-header-links (i.e. "@vuepress/plugin-active-header-links") ...
tip Apply plugin @vuepress/search (i.e. "@vuepress/plugin-search") ...
tip Apply plugin @vuepress/nprogress (i.e. "@vuepress/plugin-nprogress") ...
tip Apply plugin baidu-autopush (i.e. "vuepress-plugin-baidu-autopush") ...
tip Apply plugin thirdparty-search (i.e. "vuepress-plugin-thirdparty-search") ...
tip Apply plugin one-click-copy (i.e. "vuepress-plugin-one-click-copy") ...
tip Apply plugin demo-block (i.e. "vuepress-plugin-demo-block") ...
tip Apply plugin zooming (i.e. "vuepress-plugin-zooming") ...
tip Apply plugin baidu-tongji (i.e. "vuepress-plugin-baidu-tongji") ...
tip Apply plugin @vuepress/last-updated (i.e. "@vuepress/plugin-last-updated") ...
ℹ Compiling Client
[34mℹ[39m [90m｢wds｣[39m: Project is running at http://0.0.0.0:7778/
[34mℹ[39m [90m｢wds｣[39m: webpack output is served from /
[34mℹ[39m [90m｢wds｣[39m: Content not from webpack is served from /app/kongqing/docs/.vuepress/public
[34mℹ[39m [90m｢wds｣[39m: 404s will fallback to /index.html
node:events:495
      throw er; // Unhandled 'error' event
      ^

Error: EBADF: bad file descriptor, read
Emitted 'error' event on ReadStream instance at:
    at emitErrorNT (node:internal/streams/destroy:151:8)
    at errorOrDestroy (node:internal/streams/destroy:214:7)
    at node:internal/fs/streams:260:9
    at FSReqCallback.wrapper [as oncomplete] (node:fs:677:5) {
  errno: -9,
  code: 'EBADF',
  syscall: 'read'
}

Node.js v18.20.4

> theme-vdoing-blog@1.0.0 dev
> vuepress dev docs

wait Extracting site metadata...
warning: 该文件 "/app/kongqing/docs/02.后端/img" 序号出错，请填写正确的序号
warning: 该文件 "/app/kongqing/docs/《Java学习》笔记/01.Javaweb/01.Maven/assets" 序号出错，请填写正确的序号
warning: 该文件 "/app/kongqing/docs/《Java学习》笔记/01.Javaweb/02.JDBC/assets" 序号出错，请填写正确的序号
warning: 该文件 "/app/kongqing/docs/《Java学习》笔记/01.Javaweb/03.MyBatis/assets" 序号出错，请填写正确的序号
warning: 该文件 "/app/kongqing/docs/《Java学习》笔记/01.Javaweb/03.MyBatis/assets2" 序号出错，请填写正确的序号
warning: 该文件 "/app/kongqing/docs/《Java学习》笔记/01.Javaweb/04.web核心/assets" 序号出错，请填写正确的序号
warning: 该文件 "/app/kongqing/docs/《Java学习》笔记/01.Javaweb/05.Request&Response/assets" 序号出错，请填写正确的序号
warning: 该文件 "/app/kongqing/docs/《Java学习》笔记/01.Javaweb/06.JSP/assets" 序号出错，请填写正确的序号
warning: 该文件 "/app/kongqing/docs/《Java学习》笔记/01.Javaweb/07.会话技术/assets" 序号出错，请填写正确的序号
warning: 该文件 "/app/kongqing/docs/《Java学习》笔记/01.Javaweb/08.Filter&Listener&Ajax/assets" 序号出错，请填写正确的序号
warning: 该文件 "/app/kongqing/docs/《Java学习》笔记/01.Javaweb/09.VUE&Element/assets" 序号出错，请填写正确的序号
warning: 该文件 "/app/kongqing/docs/《Java学习》笔记/01.Javaweb/10.综合案例/assets" 序号出错，请填写正确的序号
warning: 该文件 "/app/kongqing/docs/《Java学习》笔记/02.Spring/01.SpringMVC/assets" 序号出错，请填写正确的序号
warning: 该文件 "/app/kongqing/docs/《Java学习》笔记/02.Spring/02.Springboot/assets" 序号出错，请填写正确的序号
warning: 该文件 "/app/kongqing/docs/《Java学习》笔记/02.Spring/03.Spring Framework/assets" 序号出错，请填写正确的序号
warning: 该文件 "/app/kongqing/docs/《分享》/img" 序号出错，请填写正确的序号
warning: 该文件 "/app/kongqing/docs/《前端基础学习》笔记/01.HTML/assets" 序号出错，请填写正确的序号
warning: 该文件 "/app/kongqing/docs/《前端基础学习》笔记/01.HTML/media" 序号出错，请填写正确的序号
warning: 该文件 "/app/kongqing/docs/《前端基础学习》笔记/02.CSS样式学习/media" 序号出错，请填写正确的序号
warning: 该文件 "/app/kongqing/docs/《前端基础学习》笔记/03.JavaScript学习/assets" 序号出错，请填写正确的序号
warning: 该文件 "/app/kongqing/docs/《测试基础知识学习》笔记/images" 序号出错，请填写正确的序号
warning: 该文件 "/app/kongqing/docs/《豸印测试》笔记/assets" 序号出错，请填写正确的序号
tip add sidebar data. 成功生成侧边栏数据。
tip Apply theme vuepress-theme-vdoing ...
tip Apply plugin container (i.e. "vuepress-plugin-container") ...
tip Apply plugin @vuepress/register-components (i.e. "@vuepress/plugin-register-components") ...
tip Apply plugin @vuepress/active-header-links (i.e. "@vuepress/plugin-active-header-links") ...
tip Apply plugin @vuepress/search (i.e. "@vuepress/plugin-search") ...
tip Apply plugin @vuepress/nprogress (i.e. "@vuepress/plugin-nprogress") ...
tip Apply plugin baidu-autopush (i.e. "vuepress-plugin-baidu-autopush") ...
tip Apply plugin thirdparty-search (i.e. "vuepress-plugin-thirdparty-search") ...
tip Apply plugin one-click-copy (i.e. "vuepress-plugin-one-click-copy") ...
tip Apply plugin demo-block (i.e. "vuepress-plugin-demo-block") ...
tip Apply plugin zooming (i.e. "vuepress-plugin-zooming") ...
tip Apply plugin baidu-tongji (i.e. "vuepress-plugin-baidu-tongji") ...
tip Apply plugin @vuepress/last-updated (i.e. "@vuepress/plugin-last-updated") ...
ℹ Compiling Client
[34mℹ[39m [90m｢wds｣[39m: Project is running at http://0.0.0.0:7778/
[34mℹ[39m [90m｢wds｣[39m: webpack output is served from /
[34mℹ[39m [90m｢wds｣[39m: Content not from webpack is served from /app/kongqing/docs/.vuepress/public
[34mℹ[39m [90m｢wds｣[39m: 404s will fallback to /index.html
node:events:495
      throw er; // Unhandled 'error' event
      ^

Error: EBADF: bad file descriptor, read
Emitted 'error' event on ReadStream instance at:
    at emitErrorNT (node:internal/streams/destroy:151:8)
    at errorOrDestroy (node:internal/streams/destroy:214:7)
    at node:internal/fs/streams:260:9
    at FSReqCallback.wrapper [as oncomplete] (node:fs:677:5) {
  errno: -9,
  code: 'EBADF',
  syscall: 'read'
}

Node.js v18.20.4

> theme-vdoing-blog@1.0.0 dev
> vuepress dev docs

wait Extracting site metadata...
warning: 该文件 "/app/kongqing/docs/02.后端/img" 序号出错，请填写正确的序号
warning: 该文件 "/app/kongqing/docs/《Java学习》笔记/01.Javaweb/01.Maven/assets" 序号出错，请填写正确的序号
warning: 该文件 "/app/kongqing/docs/《Java学习》笔记/01.Javaweb/02.JDBC/assets" 序号出错，请填写正确的序号
warning: 该文件 "/app/kongqing/docs/《Java学习》笔记/01.Javaweb/03.MyBatis/assets" 序号出错，请填写正确的序号
warning: 该文件 "/app/kongqing/docs/《Java学习》笔记/01.Javaweb/03.MyBatis/assets2" 序号出错，请填写正确的序号
warning: 该文件 "/app/kongqing/docs/《Java学习》笔记/01.Javaweb/04.web核心/assets" 序号出错，请填写正确的序号
warning: 该文件 "/app/kongqing/docs/《Java学习》笔记/01.Javaweb/05.Request&Response/assets" 序号出错，请填写正确的序号
warning: 该文件 "/app/kongqing/docs/《Java学习》笔记/01.Javaweb/06.JSP/assets" 序号出错，请填写正确的序号
warning: 该文件 "/app/kongqing/docs/《Java学习》笔记/01.Javaweb/07.会话技术/assets" 序号出错，请填写正确的序号
warning: 该文件 "/app/kongqing/docs/《Java学习》笔记/01.Javaweb/08.Filter&Listener&Ajax/assets" 序号出错，请填写正确的序号
warning: 该文件 "/app/kongqing/docs/《Java学习》笔记/01.Javaweb/09.VUE&Element/assets" 序号出错，请填写正确的序号
warning: 该文件 "/app/kongqing/docs/《Java学习》笔记/01.Javaweb/10.综合案例/assets" 序号出错，请填写正确的序号
warning: 该文件 "/app/kongqing/docs/《Java学习》笔记/02.Spring/01.SpringMVC/assets" 序号出错，请填写正确的序号
warning: 该文件 "/app/kongqing/docs/《Java学习》笔记/02.Spring/02.Springboot/assets" 序号出错，请填写正确的序号
warning: 该文件 "/app/kongqing/docs/《Java学习》笔记/02.Spring/03.Spring Framework/assets" 序号出错，请填写正确的序号
warning: 该文件 "/app/kongqing/docs/《分享》/img" 序号出错，请填写正确的序号
warning: 该文件 "/app/kongqing/docs/《前端基础学习》笔记/01.HTML/assets" 序号出错，请填写正确的序号
warning: 该文件 "/app/kongqing/docs/《前端基础学习》笔记/01.HTML/media" 序号出错，请填写正确的序号
warning: 该文件 "/app/kongqing/docs/《前端基础学习》笔记/02.CSS样式学习/media" 序号出错，请填写正确的序号
warning: 该文件 "/app/kongqing/docs/《前端基础学习》笔记/03.JavaScript学习/assets" 序号出错，请填写正确的序号
warning: 该文件 "/app/kongqing/docs/《测试基础知识学习》笔记/images" 序号出错，请填写正确的序号
warning: 该文件 "/app/kongqing/docs/《豸印测试》笔记/assets" 序号出错，请填写正确的序号
tip add sidebar data. 成功生成侧边栏数据。
tip Apply theme vuepress-theme-vdoing ...
tip Apply plugin container (i.e. "vuepress-plugin-container") ...
tip Apply plugin @vuepress/register-components (i.e. "@vuepress/plugin-register-components") ...
tip Apply plugin @vuepress/active-header-links (i.e. "@vuepress/plugin-active-header-links") ...
tip Apply plugin @vuepress/search (i.e. "@vuepress/plugin-search") ...
tip Apply plugin @vuepress/nprogress (i.e. "@vuepress/plugin-nprogress") ...
tip Apply plugin baidu-autopush (i.e. "vuepress-plugin-baidu-autopush") ...
tip Apply plugin thirdparty-search (i.e. "vuepress-plugin-thirdparty-search") ...
tip Apply plugin one-click-copy (i.e. "vuepress-plugin-one-click-copy") ...
tip Apply plugin demo-block (i.e. "vuepress-plugin-demo-block") ...
tip Apply plugin zooming (i.e. "vuepress-plugin-zooming") ...
tip Apply plugin baidu-tongji (i.e. "vuepress-plugin-baidu-tongji") ...
tip Apply plugin @vuepress/last-updated (i.e. "@vuepress/plugin-last-updated") ...
ℹ Compiling Client
[34mℹ[39m [90m｢wds｣[39m: Project is running at http://0.0.0.0:7778/
[34mℹ[39m [90m｢wds｣[39m: webpack output is served from /
[34mℹ[39m [90m｢wds｣[39m: Content not from webpack is served from /app/kongqing/docs/.vuepress/public
[34mℹ[39m [90m｢wds｣[39m: 404s will fallback to /index.html
node:events:495
      throw er; // Unhandled 'error' event
      ^

Error: EBADF: bad file descriptor, read
Emitted 'error' event on ReadStream instance at:
    at emitErrorNT (node:internal/streams/destroy:151:8)
    at errorOrDestroy (node:internal/streams/destroy:214:7)
    at node:internal/fs/streams:260:9
    at FSReqCallback.wrapper [as oncomplete] (node:fs:677:5) {
  errno: -9,
  code: 'EBADF',
  syscall: 'read'
}

Node.js v18.20.4

> theme-vdoing-blog@1.0.0 dev
> vuepress dev docs

wait Extracting site metadata...
warning: 该文件 "/app/kongqing/docs/02.后端/img" 序号出错，请填写正确的序号
warning: 该文件 "/app/kongqing/docs/《Java学习》笔记/01.Javaweb/01.Maven/assets" 序号出错，请填写正确的序号
warning: 该文件 "/app/kongqing/docs/《Java学习》笔记/01.Javaweb/02.JDBC/assets" 序号出错，请填写正确的序号
warning: 该文件 "/app/kongqing/docs/《Java学习》笔记/01.Javaweb/03.MyBatis/assets" 序号出错，请填写正确的序号
warning: 该文件 "/app/kongqing/docs/《Java学习》笔记/01.Javaweb/03.MyBatis/assets2" 序号出错，请填写正确的序号
warning: 该文件 "/app/kongqing/docs/《Java学习》笔记/01.Javaweb/04.web核心/assets" 序号出错，请填写正确的序号
warning: 该文件 "/app/kongqing/docs/《Java学习》笔记/01.Javaweb/05.Request&Response/assets" 序号出错，请填写正确的序号
warning: 该文件 "/app/kongqing/docs/《Java学习》笔记/01.Javaweb/06.JSP/assets" 序号出错，请填写正确的序号
warning: 该文件 "/app/kongqing/docs/《Java学习》笔记/01.Javaweb/07.会话技术/assets" 序号出错，请填写正确的序号
warning: 该文件 "/app/kongqing/docs/《Java学习》笔记/01.Javaweb/08.Filter&Listener&Ajax/assets" 序号出错，请填写正确的序号
warning: 该文件 "/app/kongqing/docs/《Java学习》笔记/01.Javaweb/09.VUE&Element/assets" 序号出错，请填写正确的序号
warning: 该文件 "/app/kongqing/docs/《Java学习》笔记/01.Javaweb/10.综合案例/assets" 序号出错，请填写正确的序号
warning: 该文件 "/app/kongqing/docs/《Java学习》笔记/02.Spring/01.SpringMVC/assets" 序号出错，请填写正确的序号
warning: 该文件 "/app/kongqing/docs/《Java学习》笔记/02.Spring/02.Springboot/assets" 序号出错，请填写正确的序号
warning: 该文件 "/app/kongqing/docs/《Java学习》笔记/02.Spring/03.Spring Framework/assets" 序号出错，请填写正确的序号
warning: 该文件 "/app/kongqing/docs/《分享》/img" 序号出错，请填写正确的序号
warning: 该文件 "/app/kongqing/docs/《前端基础学习》笔记/01.HTML/assets" 序号出错，请填写正确的序号
warning: 该文件 "/app/kongqing/docs/《前端基础学习》笔记/01.HTML/media" 序号出错，请填写正确的序号
warning: 该文件 "/app/kongqing/docs/《前端基础学习》笔记/02.CSS样式学习/media" 序号出错，请填写正确的序号
warning: 该文件 "/app/kongqing/docs/《前端基础学习》笔记/03.JavaScript学习/assets" 序号出错，请填写正确的序号
warning: 该文件 "/app/kongqing/docs/《测试基础知识学习》笔记/images" 序号出错，请填写正确的序号
warning: 该文件 "/app/kongqing/docs/《豸印测试》笔记/assets" 序号出错，请填写正确的序号
tip add sidebar data. 成功生成侧边栏数据。
tip Apply theme vuepress-theme-vdoing ...
tip Apply plugin container (i.e. "vuepress-plugin-container") ...
tip Apply plugin @vuepress/register-components (i.e. "@vuepress/plugin-register-components") ...
tip Apply plugin @vuepress/active-header-links (i.e. "@vuepress/plugin-active-header-links") ...
tip Apply plugin @vuepress/search (i.e. "@vuepress/plugin-search") ...
tip Apply plugin @vuepress/nprogress (i.e. "@vuepress/plugin-nprogress") ...
tip Apply plugin baidu-autopush (i.e. "vuepress-plugin-baidu-autopush") ...
tip Apply plugin thirdparty-search (i.e. "vuepress-plugin-thirdparty-search") ...
tip Apply plugin one-click-copy (i.e. "vuepress-plugin-one-click-copy") ...
tip Apply plugin demo-block (i.e. "vuepress-plugin-demo-block") ...
tip Apply plugin zooming (i.e. "vuepress-plugin-zooming") ...
tip Apply plugin baidu-tongji (i.e. "vuepress-plugin-baidu-tongji") ...
tip Apply plugin @vuepress/last-updated (i.e. "@vuepress/plugin-last-updated") ...
ℹ Compiling Client
[34mℹ[39m [90m｢wds｣[39m: Project is running at http://0.0.0.0:7778/
[34mℹ[39m [90m｢wds｣[39m: webpack output is served from /
[34mℹ[39m [90m｢wds｣[39m: Content not from webpack is served from /app/kongqing/docs/.vuepress/public
[34mℹ[39m [90m｢wds｣[39m: 404s will fallback to /index.html
node:events:495
      throw er; // Unhandled 'error' event
      ^

Error: EBADF: bad file descriptor, read
Emitted 'error' event on ReadStream instance at:
    at emitErrorNT (node:internal/streams/destroy:151:8)
    at errorOrDestroy (node:internal/streams/destroy:214:7)
    at node:internal/fs/streams:260:9
    at FSReqCallback.wrapper [as oncomplete] (node:fs:677:5) {
  errno: -9,
  code: 'EBADF',
  syscall: 'read'
}

Node.js v18.20.4

> theme-vdoing-blog@1.0.0 dev
> vuepress dev docs

wait Extracting site metadata...
warning: 该文件 "/app/kongqing/docs/02.后端/img" 序号出错，请填写正确的序号
warning: 该文件 "/app/kongqing/docs/《Java学习》笔记/01.Javaweb/01.Maven/assets" 序号出错，请填写正确的序号
warning: 该文件 "/app/kongqing/docs/《Java学习》笔记/01.Javaweb/02.JDBC/assets" 序号出错，请填写正确的序号
warning: 该文件 "/app/kongqing/docs/《Java学习》笔记/01.Javaweb/03.MyBatis/assets" 序号出错，请填写正确的序号
warning: 该文件 "/app/kongqing/docs/《Java学习》笔记/01.Javaweb/03.MyBatis/assets2" 序号出错，请填写正确的序号
warning: 该文件 "/app/kongqing/docs/《Java学习》笔记/01.Javaweb/04.web核心/assets" 序号出错，请填写正确的序号
warning: 该文件 "/app/kongqing/docs/《Java学习》笔记/01.Javaweb/05.Request&Response/assets" 序号出错，请填写正确的序号
warning: 该文件 "/app/kongqing/docs/《Java学习》笔记/01.Javaweb/06.JSP/assets" 序号出错，请填写正确的序号
warning: 该文件 "/app/kongqing/docs/《Java学习》笔记/01.Javaweb/07.会话技术/assets" 序号出错，请填写正确的序号
warning: 该文件 "/app/kongqing/docs/《Java学习》笔记/01.Javaweb/08.Filter&Listener&Ajax/assets" 序号出错，请填写正确的序号
warning: 该文件 "/app/kongqing/docs/《Java学习》笔记/01.Javaweb/09.VUE&Element/assets" 序号出错，请填写正确的序号
warning: 该文件 "/app/kongqing/docs/《Java学习》笔记/01.Javaweb/10.综合案例/assets" 序号出错，请填写正确的序号
warning: 该文件 "/app/kongqing/docs/《Java学习》笔记/02.Spring/01.SpringMVC/assets" 序号出错，请填写正确的序号
warning: 该文件 "/app/kongqing/docs/《Java学习》笔记/02.Spring/02.Springboot/assets" 序号出错，请填写正确的序号
warning: 该文件 "/app/kongqing/docs/《Java学习》笔记/02.Spring/03.Spring Framework/assets" 序号出错，请填写正确的序号
warning: 该文件 "/app/kongqing/docs/《分享》/img" 序号出错，请填写正确的序号
warning: 该文件 "/app/kongqing/docs/《前端基础学习》笔记/01.HTML/assets" 序号出错，请填写正确的序号
warning: 该文件 "/app/kongqing/docs/《前端基础学习》笔记/01.HTML/media" 序号出错，请填写正确的序号
warning: 该文件 "/app/kongqing/docs/《前端基础学习》笔记/02.CSS样式学习/media" 序号出错，请填写正确的序号
warning: 该文件 "/app/kongqing/docs/《前端基础学习》笔记/03.JavaScript学习/assets" 序号出错，请填写正确的序号
warning: 该文件 "/app/kongqing/docs/《测试基础知识学习》笔记/images" 序号出错，请填写正确的序号
warning: 该文件 "/app/kongqing/docs/《豸印测试》笔记/assets" 序号出错，请填写正确的序号
tip add sidebar data. 成功生成侧边栏数据。
tip Apply theme vuepress-theme-vdoing ...
tip Apply plugin container (i.e. "vuepress-plugin-container") ...
tip Apply plugin @vuepress/register-components (i.e. "@vuepress/plugin-register-components") ...
tip Apply plugin @vuepress/active-header-links (i.e. "@vuepress/plugin-active-header-links") ...
tip Apply plugin @vuepress/search (i.e. "@vuepress/plugin-search") ...
tip Apply plugin @vuepress/nprogress (i.e. "@vuepress/plugin-nprogress") ...
tip Apply plugin baidu-autopush (i.e. "vuepress-plugin-baidu-autopush") ...
tip Apply plugin thirdparty-search (i.e. "vuepress-plugin-thirdparty-search") ...
tip Apply plugin one-click-copy (i.e. "vuepress-plugin-one-click-copy") ...
tip Apply plugin demo-block (i.e. "vuepress-plugin-demo-block") ...
tip Apply plugin zooming (i.e. "vuepress-plugin-zooming") ...
tip Apply plugin baidu-tongji (i.e. "vuepress-plugin-baidu-tongji") ...
tip Apply plugin @vuepress/last-updated (i.e. "@vuepress/plugin-last-updated") ...
ℹ Compiling Client
[34mℹ[39m [90m｢wds｣[39m: Project is running at http://0.0.0.0:7778/
[34mℹ[39m [90m｢wds｣[39m: webpack output is served from /
[34mℹ[39m [90m｢wds｣[39m: Content not from webpack is served from /app/kongqing/docs/.vuepress/public
[34mℹ[39m [90m｢wds｣[39m: 404s will fallback to /index.html
node:events:495
      throw er; // Unhandled 'error' event
      ^

Error: EBADF: bad file descriptor, read
Emitted 'error' event on ReadStream instance at:
    at emitErrorNT (node:internal/streams/destroy:151:8)
    at errorOrDestroy (node:internal/streams/destroy:214:7)
    at node:internal/fs/streams:260:9
    at FSReqCallback.wrapper [as oncomplete] (node:fs:677:5) {
  errno: -9,
  code: 'EBADF',
  syscall: 'read'
}

Node.js v18.20.4

> theme-vdoing-blog@1.0.0 dev
> vuepress dev docs

wait Extracting site metadata...
warning: 该文件 "/app/kongqing/docs/02.后端/img" 序号出错，请填写正确的序号
warning: 该文件 "/app/kongqing/docs/《Java学习》笔记/01.Javaweb/01.Maven/assets" 序号出错，请填写正确的序号
warning: 该文件 "/app/kongqing/docs/《Java学习》笔记/01.Javaweb/02.JDBC/assets" 序号出错，请填写正确的序号
warning: 该文件 "/app/kongqing/docs/《Java学习》笔记/01.Javaweb/03.MyBatis/assets" 序号出错，请填写正确的序号
warning: 该文件 "/app/kongqing/docs/《Java学习》笔记/01.Javaweb/03.MyBatis/assets2" 序号出错，请填写正确的序号
warning: 该文件 "/app/kongqing/docs/《Java学习》笔记/01.Javaweb/04.web核心/assets" 序号出错，请填写正确的序号
warning: 该文件 "/app/kongqing/docs/《Java学习》笔记/01.Javaweb/05.Request&Response/assets" 序号出错，请填写正确的序号
warning: 该文件 "/app/kongqing/docs/《Java学习》笔记/01.Javaweb/06.JSP/assets" 序号出错，请填写正确的序号
warning: 该文件 "/app/kongqing/docs/《Java学习》笔记/01.Javaweb/07.会话技术/assets" 序号出错，请填写正确的序号
warning: 该文件 "/app/kongqing/docs/《Java学习》笔记/01.Javaweb/08.Filter&Listener&Ajax/assets" 序号出错，请填写正确的序号
warning: 该文件 "/app/kongqing/docs/《Java学习》笔记/01.Javaweb/09.VUE&Element/assets" 序号出错，请填写正确的序号
warning: 该文件 "/app/kongqing/docs/《Java学习》笔记/01.Javaweb/10.综合案例/assets" 序号出错，请填写正确的序号
warning: 该文件 "/app/kongqing/docs/《Java学习》笔记/02.Spring/01.SpringMVC/assets" 序号出错，请填写正确的序号
warning: 该文件 "/app/kongqing/docs/《Java学习》笔记/02.Spring/02.Springboot/assets" 序号出错，请填写正确的序号
warning: 该文件 "/app/kongqing/docs/《Java学习》笔记/02.Spring/03.Spring Framework/assets" 序号出错，请填写正确的序号
warning: 该文件 "/app/kongqing/docs/《分享》/img" 序号出错，请填写正确的序号
warning: 该文件 "/app/kongqing/docs/《前端基础学习》笔记/01.HTML/assets" 序号出错，请填写正确的序号
warning: 该文件 "/app/kongqing/docs/《前端基础学习》笔记/01.HTML/media" 序号出错，请填写正确的序号
warning: 该文件 "/app/kongqing/docs/《前端基础学习》笔记/02.CSS样式学习/media" 序号出错，请填写正确的序号
warning: 该文件 "/app/kongqing/docs/《前端基础学习》笔记/03.JavaScript学习/assets" 序号出错，请填写正确的序号
warning: 该文件 "/app/kongqing/docs/《测试基础知识学习》笔记/images" 序号出错，请填写正确的序号
warning: 该文件 "/app/kongqing/docs/《豸印测试》笔记/assets" 序号出错，请填写正确的序号
tip add sidebar data. 成功生成侧边栏数据。
tip Apply theme vuepress-theme-vdoing ...
tip Apply plugin container (i.e. "vuepress-plugin-container") ...
tip Apply plugin @vuepress/register-components (i.e. "@vuepress/plugin-register-components") ...
tip Apply plugin @vuepress/active-header-links (i.e. "@vuepress/plugin-active-header-links") ...
tip Apply plugin @vuepress/search (i.e. "@vuepress/plugin-search") ...
tip Apply plugin @vuepress/nprogress (i.e. "@vuepress/plugin-nprogress") ...
tip Apply plugin baidu-autopush (i.e. "vuepress-plugin-baidu-autopush") ...
tip Apply plugin thirdparty-search (i.e. "vuepress-plugin-thirdparty-search") ...
tip Apply plugin one-click-copy (i.e. "vuepress-plugin-one-click-copy") ...
tip Apply plugin demo-block (i.e. "vuepress-plugin-demo-block") ...
tip Apply plugin zooming (i.e. "vuepress-plugin-zooming") ...
tip Apply plugin baidu-tongji (i.e. "vuepress-plugin-baidu-tongji") ...
tip Apply plugin @vuepress/last-updated (i.e. "@vuepress/plugin-last-updated") ...
ℹ Compiling Client
[34mℹ[39m [90m｢wds｣[39m: Project is running at http://0.0.0.0:7778/
[34mℹ[39m [90m｢wds｣[39m: webpack output is served from /
[34mℹ[39m [90m｢wds｣[39m: Content not from webpack is served from /app/kongqing/docs/.vuepress/public
[34mℹ[39m [90m｢wds｣[39m: 404s will fallback to /index.html
node:events:495
      throw er; // Unhandled 'error' event
      ^

Error: EBADF: bad file descriptor, read
Emitted 'error' event on ReadStream instance at:
    at emitErrorNT (node:internal/streams/destroy:151:8)
    at errorOrDestroy (node:internal/streams/destroy:214:7)
    at node:internal/fs/streams:260:9
    at FSReqCallback.wrapper [as oncomplete] (node:fs:677:5) {
  errno: -9,
  code: 'EBADF',
  syscall: 'read'
}

Node.js v18.20.4

> theme-vdoing-blog@1.0.0 dev
> vuepress dev docs

wait Extracting site metadata...
warning: 该文件 "/app/kongqing/docs/02.后端/img" 序号出错，请填写正确的序号
warning: 该文件 "/app/kongqing/docs/《Java学习》笔记/01.Javaweb/01.Maven/assets" 序号出错，请填写正确的序号
warning: 该文件 "/app/kongqing/docs/《Java学习》笔记/01.Javaweb/02.JDBC/assets" 序号出错，请填写正确的序号
warning: 该文件 "/app/kongqing/docs/《Java学习》笔记/01.Javaweb/03.MyBatis/assets" 序号出错，请填写正确的序号
warning: 该文件 "/app/kongqing/docs/《Java学习》笔记/01.Javaweb/03.MyBatis/assets2" 序号出错，请填写正确的序号
warning: 该文件 "/app/kongqing/docs/《Java学习》笔记/01.Javaweb/04.web核心/assets" 序号出错，请填写正确的序号
warning: 该文件 "/app/kongqing/docs/《Java学习》笔记/01.Javaweb/05.Request&Response/assets" 序号出错，请填写正确的序号
warning: 该文件 "/app/kongqing/docs/《Java学习》笔记/01.Javaweb/06.JSP/assets" 序号出错，请填写正确的序号
warning: 该文件 "/app/kongqing/docs/《Java学习》笔记/01.Javaweb/07.会话技术/assets" 序号出错，请填写正确的序号
warning: 该文件 "/app/kongqing/docs/《Java学习》笔记/01.Javaweb/08.Filter&Listener&Ajax/assets" 序号出错，请填写正确的序号
warning: 该文件 "/app/kongqing/docs/《Java学习》笔记/01.Javaweb/09.VUE&Element/assets" 序号出错，请填写正确的序号
warning: 该文件 "/app/kongqing/docs/《Java学习》笔记/01.Javaweb/10.综合案例/assets" 序号出错，请填写正确的序号
warning: 该文件 "/app/kongqing/docs/《Java学习》笔记/02.Spring/01.SpringMVC/assets" 序号出错，请填写正确的序号
warning: 该文件 "/app/kongqing/docs/《Java学习》笔记/02.Spring/02.Springboot/assets" 序号出错，请填写正确的序号
warning: 该文件 "/app/kongqing/docs/《Java学习》笔记/02.Spring/03.Spring Framework/assets" 序号出错，请填写正确的序号
warning: 该文件 "/app/kongqing/docs/《分享》/img" 序号出错，请填写正确的序号
warning: 该文件 "/app/kongqing/docs/《前端基础学习》笔记/01.HTML/assets" 序号出错，请填写正确的序号
warning: 该文件 "/app/kongqing/docs/《前端基础学习》笔记/01.HTML/media" 序号出错，请填写正确的序号
warning: 该文件 "/app/kongqing/docs/《前端基础学习》笔记/02.CSS样式学习/media" 序号出错，请填写正确的序号
warning: 该文件 "/app/kongqing/docs/《前端基础学习》笔记/03.JavaScript学习/assets" 序号出错，请填写正确的序号
warning: 该文件 "/app/kongqing/docs/《测试基础知识学习》笔记/images" 序号出错，请填写正确的序号
warning: 该文件 "/app/kongqing/docs/《豸印测试》笔记/assets" 序号出错，请填写正确的序号
tip add sidebar data. 成功生成侧边栏数据。
tip Apply theme vuepress-theme-vdoing ...
tip Apply plugin container (i.e. "vuepress-plugin-container") ...
tip Apply plugin @vuepress/register-components (i.e. "@vuepress/plugin-register-components") ...
tip Apply plugin @vuepress/active-header-links (i.e. "@vuepress/plugin-active-header-links") ...
tip Apply plugin @vuepress/search (i.e. "@vuepress/plugin-search") ...
tip Apply plugin @vuepress/nprogress (i.e. "@vuepress/plugin-nprogress") ...
tip Apply plugin baidu-autopush (i.e. "vuepress-plugin-baidu-autopush") ...
tip Apply plugin thirdparty-search (i.e. "vuepress-plugin-thirdparty-search") ...
tip Apply plugin one-click-copy (i.e. "vuepress-plugin-one-click-copy") ...
tip Apply plugin demo-block (i.e. "vuepress-plugin-demo-block") ...
tip Apply plugin zooming (i.e. "vuepress-plugin-zooming") ...
tip Apply plugin baidu-tongji (i.e. "vuepress-plugin-baidu-tongji") ...
tip Apply plugin @vuepress/last-updated (i.e. "@vuepress/plugin-last-updated") ...
ℹ Compiling Client
[34mℹ[39m [90m｢wds｣[39m: Project is running at http://0.0.0.0:7778/
[34mℹ[39m [90m｢wds｣[39m: webpack output is served from /
[34mℹ[39m [90m｢wds｣[39m: Content not from webpack is served from /app/kongqing/docs/.vuepress/public
[34mℹ[39m [90m｢wds｣[39m: 404s will fallback to /index.html
node:events:495
      throw er; // Unhandled 'error' event
      ^

Error: EBADF: bad file descriptor, read
Emitted 'error' event on ReadStream instance at:
    at emitErrorNT (node:internal/streams/destroy:151:8)
    at errorOrDestroy (node:internal/streams/destroy:214:7)
    at node:internal/fs/streams:260:9
    at FSReqCallback.wrapper [as oncomplete] (node:fs:677:5) {
  errno: -9,
  code: 'EBADF',
  syscall: 'read'
}

Node.js v18.20.4

> theme-vdoing-blog@1.0.0 dev
> vuepress dev docs

wait Extracting site metadata...
warning: 该文件 "/app/kongqing/docs/02.后端/img" 序号出错，请填写正确的序号
warning: 该文件 "/app/kongqing/docs/《Java学习》笔记/01.Javaweb/01.Maven/assets" 序号出错，请填写正确的序号
warning: 该文件 "/app/kongqing/docs/《Java学习》笔记/01.Javaweb/02.JDBC/assets" 序号出错，请填写正确的序号
warning: 该文件 "/app/kongqing/docs/《Java学习》笔记/01.Javaweb/03.MyBatis/assets" 序号出错，请填写正确的序号
warning: 该文件 "/app/kongqing/docs/《Java学习》笔记/01.Javaweb/03.MyBatis/assets2" 序号出错，请填写正确的序号
warning: 该文件 "/app/kongqing/docs/《Java学习》笔记/01.Javaweb/04.web核心/assets" 序号出错，请填写正确的序号
warning: 该文件 "/app/kongqing/docs/《Java学习》笔记/01.Javaweb/05.Request&Response/assets" 序号出错，请填写正确的序号
warning: 该文件 "/app/kongqing/docs/《Java学习》笔记/01.Javaweb/06.JSP/assets" 序号出错，请填写正确的序号
warning: 该文件 "/app/kongqing/docs/《Java学习》笔记/01.Javaweb/07.会话技术/assets" 序号出错，请填写正确的序号
warning: 该文件 "/app/kongqing/docs/《Java学习》笔记/01.Javaweb/08.Filter&Listener&Ajax/assets" 序号出错，请填写正确的序号
warning: 该文件 "/app/kongqing/docs/《Java学习》笔记/01.Javaweb/09.VUE&Element/assets" 序号出错，请填写正确的序号
warning: 该文件 "/app/kongqing/docs/《Java学习》笔记/01.Javaweb/10.综合案例/assets" 序号出错，请填写正确的序号
warning: 该文件 "/app/kongqing/docs/《Java学习》笔记/02.Spring/01.SpringMVC/assets" 序号出错，请填写正确的序号
warning: 该文件 "/app/kongqing/docs/《Java学习》笔记/02.Spring/02.Springboot/assets" 序号出错，请填写正确的序号
warning: 该文件 "/app/kongqing/docs/《Java学习》笔记/02.Spring/03.Spring Framework/assets" 序号出错，请填写正确的序号
warning: 该文件 "/app/kongqing/docs/《分享》/img" 序号出错，请填写正确的序号
warning: 该文件 "/app/kongqing/docs/《前端基础学习》笔记/01.HTML/assets" 序号出错，请填写正确的序号
warning: 该文件 "/app/kongqing/docs/《前端基础学习》笔记/01.HTML/media" 序号出错，请填写正确的序号
warning: 该文件 "/app/kongqing/docs/《前端基础学习》笔记/02.CSS样式学习/media" 序号出错，请填写正确的序号
warning: 该文件 "/app/kongqing/docs/《前端基础学习》笔记/03.JavaScript学习/assets" 序号出错，请填写正确的序号
warning: 该文件 "/app/kongqing/docs/《测试基础知识学习》笔记/images" 序号出错，请填写正确的序号
warning: 该文件 "/app/kongqing/docs/《豸印测试》笔记/assets" 序号出错，请填写正确的序号
tip add sidebar data. 成功生成侧边栏数据。
tip Apply theme vuepress-theme-vdoing ...
tip Apply plugin container (i.e. "vuepress-plugin-container") ...
tip Apply plugin @vuepress/register-components (i.e. "@vuepress/plugin-register-components") ...
tip Apply plugin @vuepress/active-header-links (i.e. "@vuepress/plugin-active-header-links") ...
tip Apply plugin @vuepress/search (i.e. "@vuepress/plugin-search") ...
tip Apply plugin @vuepress/nprogress (i.e. "@vuepress/plugin-nprogress") ...
tip Apply plugin baidu-autopush (i.e. "vuepress-plugin-baidu-autopush") ...
tip Apply plugin thirdparty-search (i.e. "vuepress-plugin-thirdparty-search") ...
tip Apply plugin one-click-copy (i.e. "vuepress-plugin-one-click-copy") ...
tip Apply plugin demo-block (i.e. "vuepress-plugin-demo-block") ...
tip Apply plugin zooming (i.e. "vuepress-plugin-zooming") ...
tip Apply plugin baidu-tongji (i.e. "vuepress-plugin-baidu-tongji") ...
tip Apply plugin @vuepress/last-updated (i.e. "@vuepress/plugin-last-updated") ...
ℹ Compiling Client
[34mℹ[39m [90m｢wds｣[39m: Project is running at http://0.0.0.0:7778/
[34mℹ[39m [90m｢wds｣[39m: webpack output is served from /
[34mℹ[39m [90m｢wds｣[39m: Content not from webpack is served from /app/kongqing/docs/.vuepress/public
[34mℹ[39m [90m｢wds｣[39m: 404s will fallback to /index.html
node:events:495
      throw er; // Unhandled 'error' event
      ^

Error: EBADF: bad file descriptor, read
Emitted 'error' event on ReadStream instance at:
    at emitErrorNT (node:internal/streams/destroy:151:8)
    at errorOrDestroy (node:internal/streams/destroy:214:7)
    at node:internal/fs/streams:260:9
    at FSReqCallback.wrapper [as oncomplete] (node:fs:677:5) {
  errno: -9,
  code: 'EBADF',
  syscall: 'read'
}

Node.js v18.20.4

> theme-vdoing-blog@1.0.0 dev
> vuepress dev docs

wait Extracting site metadata...
warning: 该文件 "/app/kongqing/docs/02.后端/img" 序号出错，请填写正确的序号
warning: 该文件 "/app/kongqing/docs/《Java学习》笔记/01.Javaweb/01.Maven/assets" 序号出错，请填写正确的序号
warning: 该文件 "/app/kongqing/docs/《Java学习》笔记/01.Javaweb/02.JDBC/assets" 序号出错，请填写正确的序号
warning: 该文件 "/app/kongqing/docs/《Java学习》笔记/01.Javaweb/03.MyBatis/assets" 序号出错，请填写正确的序号
warning: 该文件 "/app/kongqing/docs/《Java学习》笔记/01.Javaweb/03.MyBatis/assets2" 序号出错，请填写正确的序号
warning: 该文件 "/app/kongqing/docs/《Java学习》笔记/01.Javaweb/04.web核心/assets" 序号出错，请填写正确的序号
warning: 该文件 "/app/kongqing/docs/《Java学习》笔记/01.Javaweb/05.Request&Response/assets" 序号出错，请填写正确的序号
warning: 该文件 "/app/kongqing/docs/《Java学习》笔记/01.Javaweb/06.JSP/assets" 序号出错，请填写正确的序号
warning: 该文件 "/app/kongqing/docs/《Java学习》笔记/01.Javaweb/07.会话技术/assets" 序号出错，请填写正确的序号
warning: 该文件 "/app/kongqing/docs/《Java学习》笔记/01.Javaweb/08.Filter&Listener&Ajax/assets" 序号出错，请填写正确的序号
warning: 该文件 "/app/kongqing/docs/《Java学习》笔记/01.Javaweb/09.VUE&Element/assets" 序号出错，请填写正确的序号
warning: 该文件 "/app/kongqing/docs/《Java学习》笔记/01.Javaweb/10.综合案例/assets" 序号出错，请填写正确的序号
warning: 该文件 "/app/kongqing/docs/《Java学习》笔记/02.Spring/01.SpringMVC/assets" 序号出错，请填写正确的序号
warning: 该文件 "/app/kongqing/docs/《Java学习》笔记/02.Spring/02.Springboot/assets" 序号出错，请填写正确的序号
warning: 该文件 "/app/kongqing/docs/《Java学习》笔记/02.Spring/03.Spring Framework/assets" 序号出错，请填写正确的序号
warning: 该文件 "/app/kongqing/docs/《分享》/img" 序号出错，请填写正确的序号
warning: 该文件 "/app/kongqing/docs/《前端基础学习》笔记/01.HTML/assets" 序号出错，请填写正确的序号
warning: 该文件 "/app/kongqing/docs/《前端基础学习》笔记/01.HTML/media" 序号出错，请填写正确的序号
warning: 该文件 "/app/kongqing/docs/《前端基础学习》笔记/02.CSS样式学习/media" 序号出错，请填写正确的序号
warning: 该文件 "/app/kongqing/docs/《前端基础学习》笔记/03.JavaScript学习/assets" 序号出错，请填写正确的序号
warning: 该文件 "/app/kongqing/docs/《测试基础知识学习》笔记/images" 序号出错，请填写正确的序号
warning: 该文件 "/app/kongqing/docs/《豸印测试》笔记/assets" 序号出错，请填写正确的序号
tip add sidebar data. 成功生成侧边栏数据。
tip Apply theme vuepress-theme-vdoing ...
tip Apply plugin container (i.e. "vuepress-plugin-container") ...
tip Apply plugin @vuepress/register-components (i.e. "@vuepress/plugin-register-components") ...
tip Apply plugin @vuepress/active-header-links (i.e. "@vuepress/plugin-active-header-links") ...
tip Apply plugin @vuepress/search (i.e. "@vuepress/plugin-search") ...
tip Apply plugin @vuepress/nprogress (i.e. "@vuepress/plugin-nprogress") ...
tip Apply plugin baidu-autopush (i.e. "vuepress-plugin-baidu-autopush") ...
tip Apply plugin thirdparty-search (i.e. "vuepress-plugin-thirdparty-search") ...
tip Apply plugin one-click-copy (i.e. "vuepress-plugin-one-click-copy") ...
tip Apply plugin demo-block (i.e. "vuepress-plugin-demo-block") ...
tip Apply plugin zooming (i.e. "vuepress-plugin-zooming") ...
tip Apply plugin baidu-tongji (i.e. "vuepress-plugin-baidu-tongji") ...
tip Apply plugin @vuepress/last-updated (i.e. "@vuepress/plugin-last-updated") ...
ℹ Compiling Client
[34mℹ[39m [90m｢wds｣[39m: Project is running at http://0.0.0.0:7778/
[34mℹ[39m [90m｢wds｣[39m: webpack output is served from /
[34mℹ[39m [90m｢wds｣[39m: Content not from webpack is served from /app/kongqing/docs/.vuepress/public
[34mℹ[39m [90m｢wds｣[39m: 404s will fallback to /index.html
node:events:495
      throw er; // Unhandled 'error' event
      ^

Error: EBADF: bad file descriptor, read
Emitted 'error' event on ReadStream instance at:
    at emitErrorNT (node:internal/streams/destroy:151:8)
    at errorOrDestroy (node:internal/streams/destroy:214:7)
    at node:internal/fs/streams:260:9
    at FSReqCallback.wrapper [as oncomplete] (node:fs:677:5) {
  errno: -9,
  code: 'EBADF',
  syscall: 'read'
}

Node.js v18.20.4

> theme-vdoing-blog@1.0.0 dev
> vuepress dev docs

wait Extracting site metadata...
warning: 该文件 "/app/kongqing/docs/02.后端/img" 序号出错，请填写正确的序号
warning: 该文件 "/app/kongqing/docs/《Java学习》笔记/01.Javaweb/01.Maven/assets" 序号出错，请填写正确的序号
warning: 该文件 "/app/kongqing/docs/《Java学习》笔记/01.Javaweb/02.JDBC/assets" 序号出错，请填写正确的序号
warning: 该文件 "/app/kongqing/docs/《Java学习》笔记/01.Javaweb/03.MyBatis/assets" 序号出错，请填写正确的序号
warning: 该文件 "/app/kongqing/docs/《Java学习》笔记/01.Javaweb/03.MyBatis/assets2" 序号出错，请填写正确的序号
warning: 该文件 "/app/kongqing/docs/《Java学习》笔记/01.Javaweb/04.web核心/assets" 序号出错，请填写正确的序号
warning: 该文件 "/app/kongqing/docs/《Java学习》笔记/01.Javaweb/05.Request&Response/assets" 序号出错，请填写正确的序号
warning: 该文件 "/app/kongqing/docs/《Java学习》笔记/01.Javaweb/06.JSP/assets" 序号出错，请填写正确的序号
warning: 该文件 "/app/kongqing/docs/《Java学习》笔记/01.Javaweb/07.会话技术/assets" 序号出错，请填写正确的序号
warning: 该文件 "/app/kongqing/docs/《Java学习》笔记/01.Javaweb/08.Filter&Listener&Ajax/assets" 序号出错，请填写正确的序号
warning: 该文件 "/app/kongqing/docs/《Java学习》笔记/01.Javaweb/09.VUE&Element/assets" 序号出错，请填写正确的序号
warning: 该文件 "/app/kongqing/docs/《Java学习》笔记/01.Javaweb/10.综合案例/assets" 序号出错，请填写正确的序号
warning: 该文件 "/app/kongqing/docs/《Java学习》笔记/02.Spring/01.SpringMVC/assets" 序号出错，请填写正确的序号
warning: 该文件 "/app/kongqing/docs/《Java学习》笔记/02.Spring/02.Springboot/assets" 序号出错，请填写正确的序号
warning: 该文件 "/app/kongqing/docs/《Java学习》笔记/02.Spring/03.Spring Framework/assets" 序号出错，请填写正确的序号
warning: 该文件 "/app/kongqing/docs/《分享》/img" 序号出错，请填写正确的序号
warning: 该文件 "/app/kongqing/docs/《前端基础学习》笔记/01.HTML/assets" 序号出错，请填写正确的序号
warning: 该文件 "/app/kongqing/docs/《前端基础学习》笔记/01.HTML/media" 序号出错，请填写正确的序号
warning: 该文件 "/app/kongqing/docs/《前端基础学习》笔记/02.CSS样式学习/media" 序号出错，请填写正确的序号
warning: 该文件 "/app/kongqing/docs/《前端基础学习》笔记/03.JavaScript学习/assets" 序号出错，请填写正确的序号
warning: 该文件 "/app/kongqing/docs/《测试基础知识学习》笔记/images" 序号出错，请填写正确的序号
warning: 该文件 "/app/kongqing/docs/《豸印测试》笔记/assets" 序号出错，请填写正确的序号
tip add sidebar data. 成功生成侧边栏数据。
tip Apply theme vuepress-theme-vdoing ...
tip Apply plugin container (i.e. "vuepress-plugin-container") ...
tip Apply plugin @vuepress/register-components (i.e. "@vuepress/plugin-register-components") ...
tip Apply plugin @vuepress/active-header-links (i.e. "@vuepress/plugin-active-header-links") ...
tip Apply plugin @vuepress/search (i.e. "@vuepress/plugin-search") ...
tip Apply plugin @vuepress/nprogress (i.e. "@vuepress/plugin-nprogress") ...
tip Apply plugin baidu-autopush (i.e. "vuepress-plugin-baidu-autopush") ...
tip Apply plugin thirdparty-search (i.e. "vuepress-plugin-thirdparty-search") ...
tip Apply plugin one-click-copy (i.e. "vuepress-plugin-one-click-copy") ...
tip Apply plugin demo-block (i.e. "vuepress-plugin-demo-block") ...
tip Apply plugin zooming (i.e. "vuepress-plugin-zooming") ...
tip Apply plugin baidu-tongji (i.e. "vuepress-plugin-baidu-tongji") ...
tip Apply plugin @vuepress/last-updated (i.e. "@vuepress/plugin-last-updated") ...
ℹ Compiling Client
[34mℹ[39m [90m｢wds｣[39m: Project is running at http://0.0.0.0:7778/
[34mℹ[39m [90m｢wds｣[39m: webpack output is served from /
[34mℹ[39m [90m｢wds｣[39m: Content not from webpack is served from /app/kongqing/docs/.vuepress/public
[34mℹ[39m [90m｢wds｣[39m: 404s will fallback to /index.html
node:events:495
      throw er; // Unhandled 'error' event
      ^

Error: EBADF: bad file descriptor, read
Emitted 'error' event on ReadStream instance at:
    at emitErrorNT (node:internal/streams/destroy:151:8)
    at errorOrDestroy (node:internal/streams/destroy:214:7)
    at node:internal/fs/streams:260:9
    at FSReqCallback.wrapper [as oncomplete] (node:fs:677:5) {
  errno: -9,
  code: 'EBADF',
  syscall: 'read'
}

Node.js v18.20.4

> theme-vdoing-blog@1.0.0 dev
> vuepress dev docs

wait Extracting site metadata...
warning: 该文件 "/app/kongqing/docs/02.后端/img" 序号出错，请填写正确的序号
warning: 该文件 "/app/kongqing/docs/《Java学习》笔记/01.Javaweb/01.Maven/assets" 序号出错，请填写正确的序号
warning: 该文件 "/app/kongqing/docs/《Java学习》笔记/01.Javaweb/02.JDBC/assets" 序号出错，请填写正确的序号
warning: 该文件 "/app/kongqing/docs/《Java学习》笔记/01.Javaweb/03.MyBatis/assets" 序号出错，请填写正确的序号
warning: 该文件 "/app/kongqing/docs/《Java学习》笔记/01.Javaweb/03.MyBatis/assets2" 序号出错，请填写正确的序号
warning: 该文件 "/app/kongqing/docs/《Java学习》笔记/01.Javaweb/04.web核心/assets" 序号出错，请填写正确的序号
warning: 该文件 "/app/kongqing/docs/《Java学习》笔记/01.Javaweb/05.Request&Response/assets" 序号出错，请填写正确的序号
warning: 该文件 "/app/kongqing/docs/《Java学习》笔记/01.Javaweb/06.JSP/assets" 序号出错，请填写正确的序号
warning: 该文件 "/app/kongqing/docs/《Java学习》笔记/01.Javaweb/07.会话技术/assets" 序号出错，请填写正确的序号
warning: 该文件 "/app/kongqing/docs/《Java学习》笔记/01.Javaweb/08.Filter&Listener&Ajax/assets" 序号出错，请填写正确的序号
warning: 该文件 "/app/kongqing/docs/《Java学习》笔记/01.Javaweb/09.VUE&Element/assets" 序号出错，请填写正确的序号
warning: 该文件 "/app/kongqing/docs/《Java学习》笔记/01.Javaweb/10.综合案例/assets" 序号出错，请填写正确的序号
warning: 该文件 "/app/kongqing/docs/《Java学习》笔记/02.Spring/01.SpringMVC/assets" 序号出错，请填写正确的序号
warning: 该文件 "/app/kongqing/docs/《Java学习》笔记/02.Spring/02.Springboot/assets" 序号出错，请填写正确的序号
warning: 该文件 "/app/kongqing/docs/《Java学习》笔记/02.Spring/03.Spring Framework/assets" 序号出错，请填写正确的序号
warning: 该文件 "/app/kongqing/docs/《分享》/img" 序号出错，请填写正确的序号
warning: 该文件 "/app/kongqing/docs/《前端基础学习》笔记/01.HTML/assets" 序号出错，请填写正确的序号
warning: 该文件 "/app/kongqing/docs/《前端基础学习》笔记/01.HTML/media" 序号出错，请填写正确的序号
warning: 该文件 "/app/kongqing/docs/《前端基础学习》笔记/02.CSS样式学习/media" 序号出错，请填写正确的序号
warning: 该文件 "/app/kongqing/docs/《前端基础学习》笔记/03.JavaScript学习/assets" 序号出错，请填写正确的序号
warning: 该文件 "/app/kongqing/docs/《测试基础知识学习》笔记/images" 序号出错，请填写正确的序号
warning: 该文件 "/app/kongqing/docs/《豸印测试》笔记/assets" 序号出错，请填写正确的序号
tip add sidebar data. 成功生成侧边栏数据。
tip Apply theme vuepress-theme-vdoing ...
tip Apply plugin container (i.e. "vuepress-plugin-container") ...
tip Apply plugin @vuepress/register-components (i.e. "@vuepress/plugin-register-components") ...
tip Apply plugin @vuepress/active-header-links (i.e. "@vuepress/plugin-active-header-links") ...
tip Apply plugin @vuepress/search (i.e. "@vuepress/plugin-search") ...
tip Apply plugin @vuepress/nprogress (i.e. "@vuepress/plugin-nprogress") ...
tip Apply plugin baidu-autopush (i.e. "vuepress-plugin-baidu-autopush") ...
tip Apply plugin thirdparty-search (i.e. "vuepress-plugin-thirdparty-search") ...
tip Apply plugin one-click-copy (i.e. "vuepress-plugin-one-click-copy") ...
tip Apply plugin demo-block (i.e. "vuepress-plugin-demo-block") ...
tip Apply plugin zooming (i.e. "vuepress-plugin-zooming") ...
tip Apply plugin baidu-tongji (i.e. "vuepress-plugin-baidu-tongji") ...
tip Apply plugin @vuepress/last-updated (i.e. "@vuepress/plugin-last-updated") ...
ℹ Compiling Client
[34mℹ[39m [90m｢wds｣[39m: Project is running at http://0.0.0.0:7778/
[34mℹ[39m [90m｢wds｣[39m: webpack output is served from /
[34mℹ[39m [90m｢wds｣[39m: Content not from webpack is served from /app/kongqing/docs/.vuepress/public
[34mℹ[39m [90m｢wds｣[39m: 404s will fallback to /index.html
node:events:495
      throw er; // Unhandled 'error' event
      ^

Error: EBADF: bad file descriptor, read
Emitted 'error' event on ReadStream instance at:
    at emitErrorNT (node:internal/streams/destroy:151:8)
    at errorOrDestroy (node:internal/streams/destroy:214:7)
    at node:internal/fs/streams:260:9
    at FSReqCallback.wrapper [as oncomplete] (node:fs:677:5) {
  errno: -9,
  code: 'EBADF',
  syscall: 'read'
}

Node.js v18.20.4
